(base) zrowgz@Eamons-MacBook-Pro / % git
usage: git [--version] [--help] [-C <path>] [-c <name>=<value>]
           [--exec-path[=<path>]] [--html-path] [--man-path] [--info-path]
           [-p | --paginate | -P | --no-pager] [--no-replace-objects] [--bare]
           [--git-dir=<path>] [--work-tree=<path>] [--namespace=<name>]
           <command> [<args>]

These are common Git commands used in various situations:

start a working area (see also: git help tutorial)
   clone             Clone a repository into a new directory
   init              Create an empty Git repository or reinitialize an existing one

work on the current change (see also: git help everyday)
   add               Add file contents to the index
   mv                Move or rename a file, a directory, or a symlink
   restore           Restore working tree files
   rm                Remove files from the working tree and from the index
   sparse-checkout   Initialize and modify the sparse-checkout

examine the history and state (see also: git help revisions)
   bisect            Use binary search to find the commit that introduced a bug
   diff              Show changes between commits, commit and working tree, etc
   grep              Print lines matching a pattern
   log               Show commit logs
   show              Show various types of objects
   status            Show the working tree status

grow, mark and tweak your common history
   branch            List, create, or delete branches
   commit            Record changes to the repository
   merge             Join two or more development histories together
   rebase            Reapply commits on top of another base tip
   reset             Reset current HEAD to the specified state
   switch            Switch branches
   tag               Create, list, delete or verify a tag object signed with GPG

collaborate (see also: git help workflows)
   fetch             Download objects and refs from another repository
   pull              Fetch from and integrate with another repository or a local branch
   push              Update remote refs along with associated objects

'git help -a' and 'git help -g' list available subcommands and some
concept guides. See 'git help <command>' or 'git help <concept>'
to read about a specific subcommand or concept.
See 'git help git' for an overview of the system.
(base) zrowgz@Eamons-MacBook-Pro / % ls
Applications	Users		cores		home		sbin		var
Library		Volumes		dev		opt		tmp
System		bin		etc		private		usr
(base) zrowgz@Eamons-MacBook-Pro / % cd Users
(base) zrowgz@Eamons-MacBook-Pro /Users % ls
Dr.Parker	Libby		Shared		zrowgz
(base) zrowgz@Eamons-MacBook-Pro /Users % cd zrowgz
(base) zrowgz@Eamons-MacBook-Pro ~ % ls
Applications			Downloads			Pictures
Applications (Parallels)	Library				Public
DeLorme				Movies				bin
Desktop				Music				getting-started
Documents			Parallels			opt
(base) zrowgz@Eamons-MacBook-Pro ~ % cd Desktop
(base) zrowgz@Eamons-MacBook-Pro Desktop % ls
$RECYCLE.BIN					Screen Shot 2021-07-16 at 2.34.35 PM.png
10500 NDH Conheady Voided Check.jpeg		Screen Shot 2021-07-16 at 2.34.53 PM.png
202012 Bank Req.TXT				Screen Shot 2021-08-18 at 10.21.14 PM.png
27000000000031.pdf				Screen Shot 2021-08-26 at 5.28.28 PM.png
?.pdf						Screen Shot 2021-08-26 at 6.22.12 PM.png
Applications					Screen Shot 2021-08-29 at 12.25.18 PM (2).png
Applications alias				Screen Shot 2021-08-29 at 12.25.18 PM.png
August 16, 2013					Screen Shot 2021-08-29 at 12.25.33 PM.png
BHG irs pull.pdf				Screen Shot 2021-09-02 at 4.39.56 PM.png
Basic Canyoneering.pdf				The Bankless Nation NFT hi res.png
EBC License Back.jpeg				The Bankless Nation NFT.tiff
EBC License.jpeg				Thumbs.db
IMG_0803.png					Windows 10
IMG_5153.jpeg					ZrowGz alias
IMG_7344.jpeg					bc01916f-2246-450b-90e4-343e4802ab9d.pdf
IMG_7630.jpeg					calculator
IMG_7631.jpeg					colorbanner.png
IMG_8125.PNG					desktop.ini
IMG_8126.PNG					ebay PDU Invoice.pdf
IMG_8127.PNG					ebay PDU order details.pdf
IMG_8128.PNG					fintech-workspace
Movies alias					iCloud Documents
Multimedia					iTerm.app
Music alias					me-small.jpg
Options-Certification-Certificate.pdf		mpgrailq.gif
PAK.txt						my-express-server
Photos						node-v14.17.3.pkg
QuickBooks Import Excel and CSV			python-jupyter-test
Relocated Items.nosync				quest.png
Screen Shot 2021-07-14 at 10.08.14 AM.png	reolink alias
Screen Shot 2021-07-16 at 2.33.49 PM.png	rig.conf
Screen Shot 2021-07-16 at 2.34.00 PM.png	solarized
Screen Shot 2021-07-16 at 2.34.11 PM.png	story
Screen Shot 2021-07-16 at 2.34.22 PM.png	thefutureishere.jpeg
Screen Shot 2021-07-16 at 2.34.27 PM.png	thinkorswim
(base) zrowgz@Eamons-MacBook-Pro Desktop % cd fintech-workspace
(base) zrowgz@Eamons-MacBook-Pro fintech-workspace % ls
career_skills	classwork	python_project	w1		w2		w3
(base) zrowgz@Eamons-MacBook-Pro fintech-workspace % cd w3
(base) zrowgz@Eamons-MacBook-Pro w3 % ls
1			Class_1_Activities-2	challenge-3
2			Class_2_Activities-2	m3
(base) zrowgz@Eamons-MacBook-Pro w3 % cd challenge-3
(base) zrowgz@Eamons-MacBook-Pro challenge-3 % git init
hint: Using 'master' as the name for the initial branch. This default branch name
hint: is subject to change. To configure the initial branch name to use in all
hint: of your new repositories, which will suppress this warning, call:
hint: 
hint: 	git config --global init.defaultBranch <name>
hint: 
hint: Names commonly chosen instead of 'master' are 'main', 'trunk' and
hint: 'development'. The just-created branch can be renamed via this command:
hint: 
hint: 	git branch -m <name>
Initialized empty Git repository in /Users/zrowgz/Desktop/fintech-workspace/w3/challenge-3/.git/
(base) zrowgz@Eamons-MacBook-Pro challenge-3 % git remote add origin git@github.com:ZrowGz/uw-challenge-3.git
(base) zrowgz@Eamons-MacBook-Pro challenge-3 % ls
Resources		crypto_arbitrage.ipynb
(base) zrowgz@Eamons-MacBook-Pro challenge-3 % cd ..
(base) zrowgz@Eamons-MacBook-Pro w3 % ls
1			Class_1_Activities-2	challenge-3
2			Class_2_Activities-2	m3
(base) zrowgz@Eamons-MacBook-Pro w3 % git clone git@github.com:ZrowGz/uw-challenge-3.git
Cloning into 'uw-challenge-3'...
Enter passphrase for key '/Users/zrowgz/.ssh/id_rsa': 
remote: Enumerating objects: 4, done.
remote: Counting objects: 100% (4/4), done.
remote: Compressing objects: 100% (3/3), done.
remote: Total 4 (delta 0), reused 0 (delta 0), pack-reused 0
Receiving objects: 100% (4/4), done.
(base) zrowgz@Eamons-MacBook-Pro w3 % git add
fatal: not a git repository (or any of the parent directories): .git
(base) zrowgz@Eamons-MacBook-Pro w3 % ls 
1			Class_1_Activities-2	challenge-3		uw-challenge-3
2			Class_2_Activities-2	m3
(base) zrowgz@Eamons-MacBook-Pro w3 % cd uw-challenge-3
(base) zrowgz@Eamons-MacBook-Pro uw-challenge-3 % git add
Nothing specified, nothing added.
hint: Maybe you wanted to say 'git add .'?
hint: Turn this message off by running
hint: "git config advice.addEmptyPathspec false"
(base) zrowgz@Eamons-MacBook-Pro uw-challenge-3 % git add .
(base) zrowgz@Eamons-MacBook-Pro uw-challenge-3 % git status 
On branch main
Your branch is up to date with 'origin/main'.

Changes to be committed:
  (use "git restore --staged <file>..." to unstage)
	new file:   .DS_Store
	new file:   Resources/bitstamp.csv
	new file:   Resources/coinbase.csv
	new file:   crypto_arbitrage.ipynb

(base) zrowgz@Eamons-MacBook-Pro uw-challenge-3 % git commit -m "Initial code base added to repo."
[main 8b49770] Initial code base added to repo.
 4 files changed, 260854 insertions(+)
 create mode 100644 .DS_Store
 create mode 100644 Resources/bitstamp.csv
 create mode 100644 Resources/coinbase.csv
 create mode 100644 crypto_arbitrage.ipynb
(base) zrowgz@Eamons-MacBook-Pro uw-challenge-3 % git status
On branch main
Your branch is ahead of 'origin/main' by 1 commit.
  (use "git push" to publish your local commits)

nothing to commit, working tree clean
(base) zrowgz@Eamons-MacBook-Pro uw-challenge-3 % cd ..
(base) zrowgz@Eamons-MacBook-Pro w3 % ls
1			Class_1_Activities-2	challenge-3		uw-challenge-3
2			Class_2_Activities-2	m3
(base) zrowgz@Eamons-MacBook-Pro w3 % gh repo clone uw-challenge-3
zsh: command not found: gh
(base) zrowgz@Eamons-MacBook-Pro w3 % git repo clone uw-challenge-3 
git: 'repo' is not a git command. See 'git --help'.

The most similar commands are
	grep
	reflog
	remote
	repack
(base) zrowgz@Eamons-MacBook-Pro w3 % git clone git@github.com:ZrowGz/uw-challenge-3.git
Cloning into 'uw-challenge-3'...
Enter passphrase for key '/Users/zrowgz/.ssh/id_rsa': 
remote: Enumerating objects: 4, done.
remote: Counting objects: 100% (4/4), done.
remote: Compressing objects: 100% (3/3), done.
remote: Total 4 (delta 0), reused 0 (delta 0), pack-reused 0
Receiving objects: 100% (4/4), done.
(base) zrowgz@Eamons-MacBook-Pro w3 % ls
1			Class_1_Activities-2	challenge-3		uw-challenge-3
2			Class_2_Activities-2	m3
(base) zrowgz@Eamons-MacBook-Pro w3 % cd uw-challenge-3 
(base) zrowgz@Eamons-MacBook-Pro uw-challenge-3 % ls
README.md		Resources		crypto_arbitrage.ipynb
(base) zrowgz@Eamons-MacBook-Pro uw-challenge-3 % git add .
(base) zrowgz@Eamons-MacBook-Pro uw-challenge-3 % git status
On branch main
Your branch is up to date with 'origin/main'.

Changes to be committed:
  (use "git restore --staged <file>..." to unstage)
	new file:   .DS_Store
	new file:   Resources/bitstamp.csv
	new file:   Resources/coinbase.csv
	new file:   crypto_arbitrage.ipynb

(base) zrowgz@Eamons-MacBook-Pro uw-challenge-3 % git commit -m "Add existing codebase to repo."
[main 3d9250f] Add existing codebase to repo.
 4 files changed, 260854 insertions(+)
 create mode 100644 .DS_Store
 create mode 100644 Resources/bitstamp.csv
 create mode 100644 Resources/coinbase.csv
 create mode 100644 crypto_arbitrage.ipynb
(base) zrowgz@Eamons-MacBook-Pro uw-challenge-3 % git push origin     
Enter passphrase for key '/Users/zrowgz/.ssh/id_rsa': 
Enter passphrase for key '/Users/zrowgz/.ssh/id_rsa': 
Enumerating objects: 8, done.
Counting objects: 100% (8/8), done.
Delta compression using up to 8 threads
Compressing objects: 100% (7/7), done.
Writing objects: 100% (7/7), 8.58 MiB | 137.00 KiB/s, done.
Total 7 (delta 0), reused 0 (delta 0), pack-reused 0
To github.com:ZrowGz/uw-challenge-3.git
   02dcd6b..3d9250f  main -> main
